{"level":30,"time":1775495054949,"pid":93644,"hostname":"MK094Q7VYK","msg":"Test message"}
